Failed to initialize database: AggregateError [ECONNREFUSED]: 
    at C:\Users\prowe\Documents\site-simples\universal-save\backend\node_modules\pg-pool\index.js:45:11
    at process.processTicksAndRejections (node:internal/process/task_queues:104:5)
    at async initDatabase (C:\Users\prowe\Documents\site-simples\universal-save\backend\src\db.ts:54:18)
    at async <anonymous> (C:\Users\prowe\Documents\site-simples\universal-save\backend\src\index.ts:256:5) {
  code: 'ECONNREFUSED',
  [errors]: [
    Error: connect ECONNREFUSED ::1:5432
        at createConnectionError (node:net:1686:14)
        at afterConnectMultiple (node:net:1716:16) {
      errno: -4078,
      code: 'ECONNREFUSED',
      syscall: 'connect',
      address: '::1',
      port: 5432
    },
    Error: connect ECONNREFUSED 127.0.0.1:5432
        at createConnectionError (node:net:1686:14)
        at afterConnectMultiple (node:net:1716:16) {
      errno: -4078,
      code: 'ECONNREFUSED',
      syscall: 'connect',
      address: '127.0.0.1',
      port: 5432
    }
  ]
}
